[INFO] Scanning for projects...
[INFO] 
[INFO] -------------------------< minicpbp:minicpbp >--------------------------
[INFO] Building minicpbp 1.0
[INFO]   from pom.xml
[INFO] --------------------------------[ jar ]---------------------------------
[INFO] 
[INFO] --- exec:3.6.3:java (default-cli) @ minicpbp ---
GameOfLife CP Server starting on port 12349 (bp.iterations=3)
Instance configurations loaded from gameoflife_mdp_ippc2011.json
GameOfLife CP Server listening on port 12349

Client connected: /0:0:0:0:0:0:0:1
Client disconnected.

Client connected: /127.0.0.1
Loaded instance '1': N=9 horizon=40 cp_nbSteps=45 initState=11101
Initialized for instance: 1
Handling RESET (GameOfLife, N=9)...
GameOfLife CP model reset successfully (9 Markov constraints).
Handling RESET (GameOfLife, N=9)...
GameOfLife CP model reset successfully (9 Markov constraints).
Handling RESET (GameOfLife, N=9)...
GameOfLife CP model reset successfully (9 Markov constraints).
Handling RESET (GameOfLife, N=9)...
GameOfLife CP model reset successfully (9 Markov constraints).
Handling RESET (GameOfLife, N=9)...
GameOfLife CP model reset successfully (9 Markov constraints).
Handling RESET (GameOfLife, N=9)...
GameOfLife CP model reset successfully (9 Markov constraints).
Handling RESET (GameOfLife, N=9)...
GameOfLife CP model reset successfully (9 Markov constraints).
Handling RESET (GameOfLife, N=9)...
GameOfLife CP model reset successfully (9 Markov constraints).
Handling RESET (GameOfLife, N=9)...
GameOfLife CP model reset successfully (9 Markov constraints).
Handling RESET (GameOfLife, N=9)...
GameOfLife CP model reset successfully (9 Markov constraints).
Handling RESET (GameOfLife, N=9)...
GameOfLife CP model reset successfully (9 Markov constraints).
Handling RESET (GameOfLife, N=9)...
GameOfLife CP model reset successfully (9 Markov constraints).
Handling RESET (GameOfLife, N=9)...
GameOfLife CP model reset successfully (9 Markov constraints).
Handling RESET (GameOfLife, N=9)...
GameOfLife CP model reset successfully (9 Markov constraints).
Handling RESET (GameOfLife, N=9)...
GameOfLife CP model reset successfully (9 Markov constraints).
Handling RESET (GameOfLife, N=9)...
GameOfLife CP model reset successfully (9 Markov constraints).
Handling RESET (GameOfLife, N=9)...
GameOfLife CP model reset successfully (9 Markov constraints).
Handling RESET (GameOfLife, N=9)...
GameOfLife CP model reset successfully (9 Markov constraints).
Handling RESET (GameOfLife, N=9)...
GameOfLife CP model reset successfully (9 Markov constraints).
Handling RESET (GameOfLife, N=9)...
GameOfLife CP model reset successfully (9 Markov constraints).
Handling RESET (GameOfLife, N=9)...
GameOfLife CP model reset successfully (9 Markov constraints).
Handling RESET (GameOfLife, N=9)...
GameOfLife CP model reset successfully (9 Markov constraints).
Handling RESET (GameOfLife, N=9)...
GameOfLife CP model reset successfully (9 Markov constraints).
Handling RESET (GameOfLife, N=9)...
GameOfLife CP model reset successfully (9 Markov constraints).
Handling RESET (GameOfLife, N=9)...
GameOfLife CP model reset successfully (9 Markov constraints).
Handling RESET (GameOfLife, N=9)...
GameOfLife CP model reset successfully (9 Markov constraints).
Handling RESET (GameOfLife, N=9)...
GameOfLife CP model reset successfully (9 Markov constraints).
Handling RESET (GameOfLife, N=9)...
GameOfLife CP model reset successfully (9 Markov constraints).
Handling RESET (GameOfLife, N=9)...
GameOfLife CP model reset successfully (9 Markov constraints).
Handling RESET (GameOfLife, N=9)...
GameOfLife CP model reset successfully (9 Markov constraints).
Handling RESET (GameOfLife, N=9)...
GameOfLife CP model reset successfully (9 Markov constraints).
Handling RESET (GameOfLife, N=9)...
GameOfLife CP model reset successfully (9 Markov constraints).
Handling RESET (GameOfLife, N=9)...
GameOfLife CP model reset successfully (9 Markov constraints).
Handling RESET (GameOfLife, N=9)...
GameOfLife CP model reset successfully (9 Markov constraints).
Handling RESET (GameOfLife, N=9)...
GameOfLife CP model reset successfully (9 Markov constraints).
Handling RESET (GameOfLife, N=9)...
GameOfLife CP model reset successfully (9 Markov constraints).
Handling RESET (GameOfLife, N=9)...
GameOfLife CP model reset successfully (9 Markov constraints).
Handling RESET (GameOfLife, N=9)...
GameOfLife CP model reset successfully (9 Markov constraints).
Handling RESET (GameOfLife, N=9)...
GameOfLife CP model reset successfully (9 Markov constraints).
Handling RESET (GameOfLife, N=9)...
GameOfLife CP model reset successfully (9 Markov constraints).
Handling RESET (GameOfLife, N=9)...
GameOfLife CP model reset successfully (9 Markov constraints).
Handling RESET (GameOfLife, N=9)...
GameOfLife CP model reset successfully (9 Markov constraints).
Handling RESET (GameOfLife, N=9)...
GameOfLife CP model reset successfully (9 Markov constraints).
Handling RESET (GameOfLife, N=9)...
GameOfLife CP model reset successfully (9 Markov constraints).
Handling RESET (GameOfLife, N=9)...
GameOfLife CP model reset successfully (9 Markov constraints).
Handling RESET (GameOfLife, N=9)...
GameOfLife CP model reset successfully (9 Markov constraints).
Handling RESET (GameOfLife, N=9)...
GameOfLife CP model reset successfully (9 Markov constraints).
Handling RESET (GameOfLife, N=9)...
GameOfLife CP model reset successfully (9 Markov constraints).
Handling RESET (GameOfLife, N=9)...
GameOfLife CP model reset successfully (9 Markov constraints).
Handling RESET (GameOfLife, N=9)...
GameOfLife CP model reset successfully (9 Markov constraints).
Handling RESET (GameOfLife, N=9)...
GameOfLife CP model reset successfully (9 Markov constraints).
Handling RESET (GameOfLife, N=9)...
GameOfLife CP model reset successfully (9 Markov constraints).
Handling RESET (GameOfLife, N=9)...
GameOfLife CP model reset successfully (9 Markov constraints).
Client disconnected.
